// Jest Snapshot v1, https://goo.gl/fbAQLP

exports[`HelloWorld.vue matches the snapshot 1`] = `
"<div class="greetings">
  <h1 class="green">Hello, Jest and Vue!</h1>
  <h3> Youâ€™ve successfully created a project with <a href="https://vitejs.dev/" target="_blank" rel="noopener">Vite</a> + <a href="https://vuejs.org/" target="_blank" rel="noopener">Vue 3</a>. What's next? </h3>
</div>"
`;
